<!doctype html>
<head><meta charset="utf-8"></head><body>
<emu-biblio href="./algorithmsBiblio.json"></emu-biblio>
<emu-alg><ol><li>Can call abstract operations in this spec: <a href="#sec-internal">Internal</a>();</li><li>Can call abstract operations in ES6: <a href="http://www.ecma-international.org/ecma-262/6.0/index.html#sec-returnifabrupt">ReturnIfAbrupt</a>(<var>completion</var>);</li><li>Can call abstract operations in a biblio file: <a href="http://example.com/fooSite.html#sec-biblio">Biblio</a>();</li><li>Unfound abstract operations just don't link: Unfound();</li></ol></emu-alg>

<emu-clause id="sec-internal" aoid="Internal">
  <h1><span class="secnum">1</span>Internal Function<span class="utils"><span class="anchor"><a href="#sec-internal">#</a></span></span></h1>
</emu-clause>
<emu-clause id="sec-ref">
  <h1><span class="secnum">2</span>Refs<span class="utils"><span class="anchor"><a href="#sec-ref">#</a></span></span></h1>
  <p>Can refer to functions in prose, eg. <emu-xref aoid="Internal"><a href="#sec-internal">Internal</a></emu-xref>.</p>
  <p><emu-xref aoid="Internal"><a href="#sec-internal">Internal</a></emu-xref> works if <emu-xref aoid="Internal"><a href="#sec-internal">Internal</a></emu-xref> is in the middle of the prose.</p>
  <p>Don't autolink references inside square brackets, eg: [[Internal]].
  Likewise, percent things: %%Internal%%.
  Likewise, mentions of Internal.foo.</p>
</emu-clause>
</body>