<!doctype html>
<head><meta charset="utf-8"></head><body>
<emu-clause id="sec-foo">
  <h1><span class="secnum">1</span>Autolinking<span class="utils"><span class="anchor"><a href="#sec-foo">#</a></span></span></h1>
  <p>Type, type, <emu-xref aoid="Type"><a href="https://tc39.github.io/ecma262/#sec-ecmascript-data-types-and-values">Type</a></emu-xref>(), type()</p>
  <p><emu-xref href="#sec-array-constructor"><a href="https://tc39.github.io/ecma262/#sec-array-constructor">%Array%</a></emu-xref> and <emu-xref href="#sec-properties-of-the-array-prototype-object"><a href="https://tc39.github.io/ecma262/#sec-properties-of-the-array-prototype-object">%ArrayPrototype%</a></emu-xref> from ES6 should link (but not %Arrayprototype%).</p>

  <p><dfn>Lowercase</dfn></p>
  <p><dfn>strict mode</dfn></p>
  <p><dfn>%Percent%</dfn></p>
</emu-clause>
<emu-clause id="sec-bar">
  <h1><span class="secnum">2</span>Autolinking 2<span class="utils"><span class="anchor"><a href="#sec-bar">#</a></span></span></h1>
  <p>lowercase should not autolink. But <emu-xref href="#sec-foo"><a href="#sec-foo">Lowercase</a></emu-xref> should. But not LowerCase.</p>
  <p><emu-xref href="#sec-foo"><a href="#sec-foo">Strict mode</a></emu-xref> shoud link. But Scrict Mode should not.</p>
  <p><emu-xref href="#sec-foo"><a href="#sec-foo">%Percent%</a></emu-xref> should autolink.</p>
  <p>Vars to dfns should be vars not dfns: <var>Lowercase</var>.</p>
  <p>Also, no autolinks in  <a href="#">anchors: Lowercase</a>.</p>
</emu-clause>
<p><emu-xref href="#sec-array-constructor"><a href="https://tc39.github.io/ecma262/#sec-array-constructor">%Array%</a></emu-xref> and <emu-xref href="#sec-properties-of-the-array-prototype-object"><a href="https://tc39.github.io/ecma262/#sec-properties-of-the-array-prototype-object">%ArrayPrototype%</a></emu-xref> outside of clauses is ok.</p>
</body>