<!doctype html>
<head><meta charset="utf-8"></head><body class=" oldtoc">
<div><h2>Table of Contents</h2><ol class="toc"><li><a href="#sec-intro" title="Intro"><span class="secnum"></span> Intro</a><ol class="toc"><li><a href="#sec-intro2" title="Sub Intro"><span class="secnum"></span> Sub Intro</a></li></ol></li><li><a href="#sec-clause" title="Clause Foo(a, b)"><span class="secnum">1</span> Clause Foo(<var>a</var>, <var>b</var>)</a><ol class="toc"><li><a href="#Foo" title="Sub Clause"><span class="secnum">1.1</span> Sub Clause</a></li></ol></li><li><a href="#sec-annex" title="Annex"><span class="secnum">A</span> Annex</a><ol class="toc"><li><a href="#sec-annex2" title="Sub-annex"><span class="secnum">A.1</span> Sub-annex</a></li></ol></li></ol></div><emu-intro id="sec-intro">
  <h1><span class="secnum"></span>Intro<span class="utils"><span class="anchor"><a href="#sec-intro">#</a></span></span></h1>
  <emu-intro id="sec-intro2">
    <h1><span class="secnum"></span>Sub Intro<span class="utils"><span class="anchor"><a href="#sec-intro2">#</a></span></span></h1>
  </emu-intro>
</emu-intro>

<emu-clause id="sec-clause">
  <!-- check for emd in headers and toc -->
  <h1><span class="secnum">1</span>Clause Foo(<var>a</var>, <var>b</var>)<span class="utils"><span class="anchor"><a href="#sec-clause">#</a></span></span></h1>

  <emu-clause id="Foo" aoid="Foo">
    <h1><span class="secnum">1.1</span>Sub Clause<span class="utils"><span class="anchor"><a href="#Foo">#</a></span></span></h1>

  </emu-clause>
</emu-clause>

<emu-annex id="sec-annex">
  <h1><span class="secnum">A</span>Annex<span class="utils"><span class="anchor"><a href="#sec-annex">#</a></span></span></h1>

  <emu-annex id="sec-annex2">
    <h1><span class="secnum">A.1</span>Sub-annex<span class="utils"><span class="anchor"><a href="#sec-annex2">#</a></span></span></h1>

  </emu-annex>
</emu-annex>
</body>