<!doctype html>
<head><meta charset="utf-8"></head><body>
<emu-grammar><emu-production name="A" type="lexical" id="prod-A">
    <emu-nt><a href="#prod-A">A</a></emu-nt><emu-geq>::</emu-geq><emu-rhs a="222b2b4a">[empty]</emu-rhs>
</emu-production>
<emu-production name="A" type="lexical">
    <emu-nt><a href="#prod-A">A</a></emu-nt><emu-geq>::</emu-geq><emu-rhs a="075c120f"><emu-t>&lt;!</emu-t></emu-rhs>
</emu-production>
<emu-production name="A" type="lexical">
    <emu-nt><a href="#prod-A">A</a></emu-nt><emu-geq>::</emu-geq><emu-rhs a="075c120f"><emu-t>&lt;!</emu-t></emu-rhs>
</emu-production></emu-grammar></body>