<!doctype html>
<head><meta charset="utf-8"></head><body><div id="spec-container">
<emu-intro id="sec-intro">
  <h1><span class="secnum"></span>Intro<span class="utils"><span class="anchor"><a href="#sec-intro">link</a></span><span class="anchor"><a href="#" class="utils-pin">pin</a></span></span></h1>
  <p>Forward references to <emu-xref href="#sec-dfn"><a href="#sec-dfn">dfn</a></emu-xref> work.</p>
  <p>Also terms from ES6 are auto-linked: <emu-xref href="#sec-lexical-environments"><a href="https://tc39.github.io/ecma262/#sec-lexical-environments">Lexical Environment</a></emu-xref>, <emu-xref aoid="Completion"><a href="https://tc39.github.io/ecma262/#sec-completion-record-specification-type">Completion</a></emu-xref>, etc.</p>
</emu-intro>
<emu-clause id="sec-dfn">
  <h1><span class="secnum">1</span>dfn<span class="utils"><span class="anchor"><a href="#sec-dfn">link</a></span><span class="anchor"><a href="#" class="utils-pin">pin</a></span></span></h1>

  <p>The term  <dfn>dfn</dfn> means the dfn tag. Other mentions of dfn in this clause should not be auto-linked.</p>

  <p>Terms with ids are called  <dfn id="identifiers">id dfns</dfn>. Since this dfn has an id, other occurences
  of <emu-xref href="#identifiers"><a href="#identifiers">id dfns</a></emu-xref> may autolink.</p>

  <emu-clause id="sec-dfn-subclause">
    <h1><span class="secnum">1.1</span>dfn subclause<span class="utils"><span class="anchor"><a href="#sec-dfn-subclause">link</a></span><span class="anchor"><a href="#" class="utils-pin">pin</a></span></span></h1>

    <p><emu-xref href="#sec-dfn"><a href="#sec-dfn">Dfn</a></emu-xref> should be auto-linked here as well. The linking of <emu-xref href="#sec-dfn"><a href="#sec-dfn">dfn</a></emu-xref> is case insensitive. But the header shouldn't auto-link.</p>
    <p><emu-xref href="#identifiers"><a href="#identifiers">Id dfns</a></emu-xref> should link to #identifiers.</p>
  </emu-clause>

  <p>Also terms are auto-linked in algorithms. But not naked abstract ops!</p>

  <!-- these should autolink - while they are under the same clause that defines the dfn, algs want auto-linking always -->
  <emu-alg><ol><li>Call the <emu-xref href="#sec-dfn"><a href="#sec-dfn">dfn</a></emu-xref> algorithm.</li><li>Do something great with <emu-xref href="#sec-dfn"><a href="#sec-dfn">dfn</a></emu-xref>.</li><li><emu-xref href="#sec-dfn"><a href="#sec-dfn">dfn</a></emu-xref> is now awesome.
  </li></ol></emu-alg>

  <emu-clause id="sec-dfn-autolink">
    <h1><span class="secnum">1.2</span>dfn autolink<span class="utils"><span class="anchor"><a href="#sec-dfn-autolink">link</a></span><span class="anchor"><a href="#" class="utils-pin">pin</a></span></span></h1>

    <!-- these should autolink -->
    <emu-alg><ol><li>Call the <emu-xref href="#sec-dfn"><a href="#sec-dfn">dfn</a></emu-xref> algorithm.</li><li>Do something great with <emu-xref href="#sec-dfn"><a href="#sec-dfn">dfn</a></emu-xref>.</li><li><emu-xref href="#sec-dfn"><a href="#sec-dfn">dfn</a></emu-xref> is now awesome.
    </li></ol></emu-alg>
  </emu-clause>
</emu-clause>
</div></body>