<!doctype html>
<head><link rel="stylesheet" href="./css/elements.css">
</head><body>
<emu-alg><ol><li>Return <a href="#Value">Value</a>(<var>val</var>);</li></ol></emu-alg>

<emu-eqn aoid="Value2"><div>  <a href="#Value2">Value2</a>(t)</div><div>    = <a href="#DateValue">DateValue</a>(t) if <a href="http://www.ecma-international.org/ecma-262/6.0/index.html#sec-ecmascript-data-types-and-values">Type</a>(t) is string</div><div>    = t</div></emu-eqn>

<emu-eqn aoid="DateValue"><div>  <a href="#DateValue">DateValue</a>(t)</div><div>    = 0 if t = 0</div><div>    = 1 if t = 1</div><div>    = 2</div></emu-eqn>

<emu-eqn aoid="Value"><div>  <a href="#Value">Value</a>(t)</div><div>    = <a href="#DateValue">DateValue</a>(t) if <a href="http://www.ecma-international.org/ecma-262/6.0/index.html#sec-ecmascript-data-types-and-values">Type</a>(t) is string</div><div>    = t</div></emu-eqn>

<emu-alg><ol><li>Return <a href="#Value">Value</a>(<var>val</var>);</li></ol></emu-alg>
</body>