<!doctype html>
<head><meta charset="utf-8"></head><body><div id="spec-container">
<emu-clause id="blah">
<h1><span class="secnum">1</span>blah<span class="utils"><span class="anchor"><a href="#blah">link</a></span><span class="anchor"><a href="#" class="utils-pin">pin</a></span></span></h1>
<p>U+200C (ZERO WIDTH NON-JOINER) is abbreviated "&lt;ZWNJ&gt;"</p>
<p>&lt;b&gt;also doesn't escape when <emu-val>emd</emu-val> and autolinks to <emu-xref aoid="ReturnIfAbrupt"><a href="https://tc39.github.io/ecma262/#sec-returnifabrupt">ReturnIfAbrupt</a></emu-xref> are present.</p>
<p>Escpaing inside xref is preserved:  <emu-xref href="#blah"><a href="#blah">&lt;b&gt;</a></emu-xref>.</p>
</emu-clause>
</div></body>