<!doctype html>
<head><meta charset="utf-8"></head><body>
<link rel="stylesheet" href="css/elements.css">
<emu-figure id="figure-1"><figure><figcaption>Figure 1</figcaption>
  this is a figure!

</figure></emu-figure>

<!-- deprecated: caption element -->
<emu-figure id="figure-2" informative="" caption="Informative figure"><figure><figcaption>Figure 2 (Informative): Informative figure</figcaption>
  this is a figure!

</figure></emu-figure>

<emu-table id="table-1" caption="An example table"><figure><figcaption>Table 1: An example table</figcaption>
  <table>
    <thead>
      <tr><td>Column 1</td><td>Column 2</td></tr>
    </thead>
    <tbody><tr><td>Value</td><td>Value 2</td></tr>
    <tr><td>Value</td><td>Value 2</td></tr>
    <tr><td>Value</td><td>Value 2</td></tr>
    <tr><td>Value</td><td>Value 2</td></tr>
  </tbody></table>
</figure></emu-table>

<emu-table id="table-2" caption="An example table 2" informative=""><figure><figcaption>Table 2 (Informative): An example table 2</figcaption>
  <table>
    <tbody><tr><th>Column 1</th><th>Column 2</th></tr>
    <tr><td>Value</td><td>Value 2</td></tr>
    <tr><td>Value</td><td>Value 2</td></tr>
    <tr><td>Value</td><td>Value 2</td></tr>
    <tr><td>Value</td><td>Value 2</td></tr>
  </tbody></table>
</figure></emu-table>

<emu-figure id="figure-2" informative=""><figure><figcaption>Figure 3 (Informative): This is the caption</figcaption>
  
  this is a figure!

</figure></emu-figure>

<emu-table id="table-1"><figure><figcaption>Table 3: This is a table</figcaption>
  
  <table>
    <thead>
      <tr><td>Column 1</td><td>Column 2</td></tr>
    </thead>
    <tbody><tr><td>Value</td><td>Value 2</td></tr>
    <tr><td>Value</td><td>Value 2</td></tr>
    <tr><td>Value</td><td>Value 2</td></tr>
    <tr><td>Value</td><td>Value 2</td></tr>
  </tbody></table>
</figure></emu-table>

<emu-table id="table-2" informative=""><figure><figcaption>Table 4 (Informative): This is a  <b>second</b> table</figcaption>
  
  <table>
    <tbody><tr><th>Column 1</th><th>Column 2</th></tr>
    <tr><td>Value</td><td>Value 2</td></tr>
    <tr><td>Value</td><td>Value 2</td></tr>
    <tr><td>Value</td><td>Value 2</td></tr>
    <tr><td>Value</td><td>Value 2</td></tr>
  </tbody></table>
</figure></emu-table>
</body>