<!doctype html>
<head><meta charset="utf-8"></head><body><div id="spec-container">
<emu-intro namespace="intro" aoid="SomeAlg" id="i1">
  <h1><span class="secnum"></span>Intro<span class="utils"><span class="anchor"><a href="#i1">link</a></span><span class="anchor"><a href="#" class="utils-pin">pin</a></span></span></h1>
  <emu-grammar><emu-production name="Foo" type="lexical" id="prod-intro-Foo">
    <emu-nt><a href="#prod-intro-Foo">Foo</a></emu-nt><emu-geq>::</emu-geq><emu-rhs a="f944fd2f"><emu-t>bar</emu-t><emu-nt><a href="#prod-MainProd">MainProd</a></emu-nt><emu-t>baz</emu-t></emu-rhs>
</emu-production></emu-grammar>
</emu-intro>
<emu-clause id="c1">
  <h1><span class="secnum">1</span>Clause 1<span class="utils"><span class="anchor"><a href="#c1">link</a></span><span class="anchor"><a href="#" class="utils-pin">pin</a></span></span></h1>
  <emu-grammar><emu-production name="Foo" type="lexical" id="prod-Foo">
    <emu-nt><a href="#prod-Foo">Foo</a></emu-nt><emu-geq>::</emu-geq><emu-rhs a="f944fd2f"><emu-t>bar</emu-t><emu-nt><a href="#prod-MainProd">MainProd</a></emu-nt><emu-t>baz</emu-t></emu-rhs>
</emu-production>
<emu-production name="MainProd" type="lexical" id="prod-MainProd">
    <emu-nt><a href="#prod-MainProd">MainProd</a></emu-nt><emu-geq>::</emu-geq><emu-rhs a="201a6b30"><emu-nt><a href="#prod-Foo">Foo</a></emu-nt></emu-rhs>
</emu-production></emu-grammar>
  <emu-clause id="c11" namespace="clause">
    <h1><span class="secnum">1.1</span>Clause 1.1<span class="utils"><span class="anchor"><a href="#c11">link</a></span><span class="anchor"><a href="#" class="utils-pin">pin</a></span></span></h1>

    <emu-grammar><emu-production name="Foo" type="lexical" id="prod-clause-Foo">
    <emu-nt><a href="#prod-clause-Foo">Foo</a></emu-nt><emu-geq>::</emu-geq><emu-rhs a="f944fd2f"><emu-t>bar</emu-t><emu-nt><a href="#prod-MainProd">MainProd</a></emu-nt><emu-t>baz</emu-t></emu-rhs>
</emu-production></emu-grammar>

    <emu-clause id="c111" aoid="SomeAlg">
      <h1><span class="secnum">1.1.1</span>SomeAlg<span class="utils"><span class="anchor"><a href="#c111">link</a></span><span class="anchor"><a href="#" class="utils-pin">pin</a></span></span></h1>
    </emu-clause>

    <p><emu-xref aoid="SomeAlg"><a href="#annex21">SomeAlg</a></emu-xref> does things.</p>
    <p>Can still xref clauses inside of namespaces:  <emu-xref href="#annex11"><a href="#annex11">A.1</a></emu-xref>.</p>
    <p>Can xref prods in namespaces:  <emu-xref href="#prod-annex-Foo"><a href="#prod-annex-Foo"><emu-nt>Foo</emu-nt></a></emu-xref>.</p>
  </emu-clause>
</emu-clause>
<emu-annex id="annex1" namespace="annex">
  <h1><span class="secnum">A</span>Annex<span class="utils"><span class="anchor"><a href="#annex1">link</a></span><span class="anchor"><a href="#" class="utils-pin">pin</a></span></span></h1>
  <emu-grammar><emu-production name="Foo" type="lexical" id="prod-annex-Foo">
    <emu-nt><a href="#prod-annex-Foo">Foo</a></emu-nt><emu-geq>::</emu-geq><emu-rhs a="f944fd2f"><emu-t>bar</emu-t><emu-nt><a href="#prod-annex-MainProd">MainProd</a></emu-nt><emu-t>baz</emu-t></emu-rhs>
</emu-production></emu-grammar>
  <emu-annex id="annex11" aoid="SomeAlg">
    <h1><span class="secnum">A.1</span>SomeAlg<span class="utils"><span class="anchor"><a href="#annex11">link</a></span><span class="anchor"><a href="#" class="utils-pin">pin</a></span></span></h1>
  </emu-annex>

  <emu-annex id="annex12" aoid="SomeAlg" namespace="annex2">
    <h1><span class="secnum">A.2</span>Annex 1.2<span class="utils"><span class="anchor"><a href="#annex12">link</a></span><span class="anchor"><a href="#" class="utils-pin">pin</a></span></span></h1>
    <p><emu-xref aoid="SomeAlg"><a href="#annex21">SomeAlg</a></emu-xref> should link to #annex12. <emu-nt><a href="#prod-annex-Foo">Foo</a></emu-nt> should link to the production in #annex1.</p>
  </emu-annex>

  <p><emu-xref aoid="SomeAlg"><a href="#annex21">SomeAlg</a></emu-xref> does things.</p>
  <emu-alg><ol><li>Let <var>x</var> be the result of <emu-xref aoid="SomeAlg"><a href="#annex21">SomeAlg</a></emu-xref>.
  </li></ol></emu-alg>
</emu-annex>

<emu-annex id="annex2" namespace="annex">
  <h1><span class="secnum">B</span>Annex 2<span class="utils"><span class="anchor"><a href="#annex2">link</a></span><span class="anchor"><a href="#" class="utils-pin">pin</a></span></span></h1>
  <emu-annex id="annex21" aoid="SomeAlg">
    <h1><span class="secnum">B.1</span>SomeAlg<span class="utils"><span class="anchor"><a href="#annex21">link</a></span><span class="anchor"><a href="#" class="utils-pin">pin</a></span></span></h1>
  </emu-annex>
  <emu-grammar><emu-production name="MainProd" type="lexical" id="prod-annex-MainProd">
    <emu-nt><a href="#prod-annex-MainProd">MainProd</a></emu-nt><emu-geq>::</emu-geq><emu-rhs a="201a6b30"><emu-nt><a href="#prod-annex-Foo">Foo</a></emu-nt></emu-rhs>
</emu-production></emu-grammar>
  <p><emu-xref aoid="SomeAlg"><a href="#annex21">SomeAlg</a></emu-xref> does things.</p>
</emu-annex>
</div></body>