<!doctype html>
<head><meta charset="utf-8"></head><body><div id="spec-container">
<emu-intro id="intro" namespace="intro">
  <h1>Intro<span class="utils"><span class="anchor"><a href="#intro">link</a></span><span class="anchor"><a href="#" class="utils-pin">pin</a></span></span></h1>
  <emu-grammar><emu-production name="Foo" type="lexical" id="prod-intro-Foo">
    <emu-nt><a href="#prod-intro-Foo">Foo</a></emu-nt><emu-geq>::</emu-geq><emu-rhs a="6f44da9e"><emu-t>bar</emu-t></emu-rhs>
    <emu-rhs a="ef94182a"><emu-t>baz</emu-t></emu-rhs>
</emu-production></emu-grammar>
  <emu-grammar><emu-production name="Foo" type="lexical" collapsed="">
    <emu-nt><a href="#prod-intro-Foo">Foo</a></emu-nt><emu-geq>::</emu-geq><emu-rhs a="6f44da9e"><emu-t>bar</emu-t></emu-rhs>
</emu-production></emu-grammar>
  <emu-production name="Foo" type="lexical">
    <emu-nt><a href="#prod-intro-Foo">Foo</a></emu-nt><emu-geq>::</emu-geq><emu-rhs a="6f44da9e"><emu-t>bar</emu-t></emu-rhs>
    <emu-rhs a="ef94182a"><emu-t>baz</emu-t></emu-rhs>
</emu-production>
</emu-intro>

<emu-clause id="c">
  <h1><span class="secnum">1</span>C<span class="utils"><span class="anchor"><a href="#c">link</a></span><span class="anchor"><a href="#" class="utils-pin">pin</a></span></span></h1>
  <emu-grammar><emu-production name="Foo" type="lexical" id="prod-Foo">
    <emu-nt><a href="#prod-Foo">Foo</a></emu-nt><emu-geq>::</emu-geq><emu-rhs a="6f44da9e"><emu-t>bar</emu-t></emu-rhs>
    <emu-rhs a="8c98539e"><emu-t>qux</emu-t></emu-rhs>
</emu-production>
<emu-production name="Statement" type="lexical" id="prod-Statement">
    <emu-nt><a href="#prod-Statement">Statement</a></emu-nt><emu-geq>::</emu-geq><emu-rhs a="7a15a54c"><emu-t>overridden statement</emu-t></emu-rhs>
</emu-production></emu-grammar>
  <emu-grammar><emu-production name="Foo" type="lexical" collapsed="">
    <emu-nt><a href="#prod-Foo">Foo</a></emu-nt><emu-geq>::</emu-geq><emu-rhs a="6f44da9e"><emu-t>bar</emu-t></emu-rhs>
</emu-production></emu-grammar>
  <emu-production name="Foo" type="lexical">
    <emu-nt><a href="#prod-Foo">Foo</a></emu-nt><emu-geq>::</emu-geq><emu-rhs a="6f44da9e"><emu-t>bar</emu-t></emu-rhs>
    <emu-rhs a="8c98539e"><emu-t>qux</emu-t></emu-rhs>
</emu-production>
</emu-clause>
</div></body>