<!doctype html>
<head><meta charset="utf-8"></head><body>
<emu-note>This is a note. Since it is outside a clause it is unstyled.</emu-note>

<emu-clause id="sec-this">
  <h1><span class="secnum">1</span>This<span class="utils"><span class="anchor"><a href="#sec-this">#</a></span></span></h1>

  <emu-note><span class="note">Note</span>This is note 1, but since it is the only note, it is not numbered.</emu-note>

  <emu-clause id="sec-that">
    <h1><span class="secnum">1.1</span>That<span class="utils"><span class="anchor"><a href="#sec-that">#</a></span></span></h1>
    <emu-note><span class="note">Note 1</span>This is note 1, should be numbered</emu-note>
    <emu-note><span class="note">Note 2</span>This is note 2, should also be numbered</emu-note>
  </emu-clause>
</emu-clause>
</body>