<!doctype html>
<head></head><body>
<emu-biblio href="./xrefTestBiblio.json"></emu-biblio>
<emu-clause id="sec-clause-id">
  <h1><span class="secnum">1</span>Clause Title<span class="utils"><span class="anchor"><a href="#sec-clause-id">#</a></span></span></h1>

  <!-- local refs to clause -->
  <emu-xref href="#sec-clause-id"><a href="#sec-clause-id">with link text</a></emu-xref>
  <emu-xref href="#sec-clause-id"><a href="#sec-clause-id">1</a></emu-xref>
  <emu-xref href="#sec-clause-id" title=""><a href="#sec-clause-id">Clause Title</a></emu-xref>

  <!-- refs to ES6 clause -->
  <emu-xref href="#sec-notational-conventions"><a href="http://www.ecma-international.org/ecma-262/6.0/index.html#sec-notational-conventions">with link text</a></emu-xref>
  <emu-xref href="#sec-scope"><a href="http://www.ecma-international.org/ecma-262/6.0/index.html#sec-scope">1</a></emu-xref>
  <emu-xref href="#sec-additional-syntax" title=""><a href="http://www.ecma-international.org/ecma-262/6.0/index.html#sec-additional-syntax">Additional Syntax</a></emu-xref>

  <!-- refs to imported biblio clause -->
  <emu-xref href="#sec-foo"><a href="http://example.com/fooSite.html#bar">with link text</a></emu-xref>
  <emu-xref href="#sec-foo"><a href="http://example.com/fooSite.html#bar">1</a></emu-xref>
  <emu-xref href="#sec-foo" title=""><a href="http://example.com/fooSite.html#bar">Foo Section</a></emu-xref>

  <!-- refs to local nonterminal -->
  <emu-xref href="#prod-TestProduction"><a href="#prod-TestProduction"><emu-nt>TestProduction</emu-nt></a></emu-xref>
  <emu-xref href="#prod-TestProduction"><a href="#prod-TestProduction">with link text</a></emu-xref>

  <!-- refs to ES6 nonterminal -->
  <emu-xref href="#prod-PrimaryExpression"><a href="http://www.ecma-international.org/ecma-262/6.0/index.html#prod-PrimaryExpression"><emu-nt>PrimaryExpression</emu-nt></a></emu-xref>

  <!-- refs to local abstract op -->
  <emu-xref aoid="AbstractOp"><a href="#sec-abstract-op">AbstractOp</a></emu-xref>
  <emu-xref aoid="AbstractOp"><a href="#sec-abstract-op">the AbstractOp abstract operation</a></emu-xref>

  <!-- refs to es6 abstract op -->
  <emu-xref aoid="ReturnIfAbrupt"><a href="http://www.ecma-international.org/ecma-262/6.0/index.html#sec-returnifabrupt">ReturnIfAbrupt</a></emu-xref>
  <emu-xref aoid="ReturnIfAbrupt"><a href="http://www.ecma-international.org/ecma-262/6.0/index.html#sec-returnifabrupt">Return if abrupt</a></emu-xref>

  <!-- refs to examples -->
  <emu-xref href="#example-2"><a href="#example-2">1.1 Example 1</a></emu-xref>
  <emu-xref href="#example-1"><a href="#example-1">Example 1</a></emu-xref> <!-- examples in current clause shouldn't include clause name -->
  <emu-xref href="#example-1" title=""><a href="#example-1">Example 1</a></emu-xref> <!-- examples in current clause shouldn't include clause name -->
  <emu-xref href="#example-3" title=""><a href="#example-3">AbstractOp Example 2</a></emu-xref>
  <emu-xref href="#example-2"><a href="#example-2">with link text</a></emu-xref>

  <emu-clause id="sec-abstract-op" aoid="AbstractOp">
    <h1><span class="secnum">1.1</span>AbstractOp<span class="utils"><span class="anchor"><a href="#sec-abstract-op">#</a></span></span></h1>
    <emu-alg><ol><li>Return.</li></ol></emu-alg>

    <emu-example id="example-2" caption="Foo Caption"><figure>
      This is an example
    <figcaption>Example 1 (Informative): Foo Caption</figcaption></figure></emu-example>

    <emu-example id="example-3" caption="Foo Caption"><figure>
      This is an example
    <figcaption>Example 2 (Informative): Foo Caption</figcaption></figure></emu-example>
  </emu-clause>

  <emu-example id="example-1" caption="Foo Caption"><figure>
    This is an example
  <figcaption>Example (Informative): Foo Caption</figcaption></figure></emu-example>
</emu-clause>

<emu-grammar><emu-production name="TestProduction" type="lexical" id="prod-TestProduction">
    <emu-nt><a href="#prod-TestProduction">TestProduction</a><emu-mods></emu-mods></emu-nt><emu-geq>::</emu-geq><emu-rhs a="1"><emu-t>np</emu-t><emu-t>np</emu-t></emu-rhs>
</emu-production></emu-grammar>
</body>